success
failure
failure
success
failure
success
success
not found
found City1
failure
degree of City0 1
failure
failure
direct distance City0 to City1 10
failure
shortest distance City0 to City1 10
failure
failure
failure
City0 City1
failure
failure
